  2.37MB ->  0.54MB  webfont\JeongseonArirangPuri\JeongseonArirangPuri-400.woff2
  2.23MB ->  0.96MB  webfont\JeongseonArirang\JeongseonArirang-400.woff2
 11.73MB ->  2.58MB  webfont\KoPubWorldBatang\KoPubWorldBatang-300.woff2
 11.59MB ->  2.72MB  webfont\KoPubWorldBatang\KoPubWorldBatang-500.woff2
 11.64MB ->  2.75MB  webfont\KoPubWorldBatang\KoPubWorldBatang-700.woff2
  4.95MB ->  1.61MB  webfont\KoPubWorldDotum\KoPubWorldDotum-300.woff2
  4.94MB ->  1.71MB  webfont\KoPubWorldDotum\KoPubWorldDotum-500.woff2
  4.91MB ->  1.73MB  webfont\KoPubWorldDotum\KoPubWorldDotum-700.woff2
  1.26MB ->  0.41MB  webfont\Paperlogy\Paperlogy-100.woff2
  1.25MB ->  0.41MB  webfont\Paperlogy\Paperlogy-200.woff2
  1.25MB ->  0.41MB  webfont\Paperlogy\Paperlogy-300.woff2
  1.25MB ->  0.41MB  webfont\Paperlogy\Paperlogy-400.woff2
  1.25MB ->  0.42MB  webfont\Paperlogy\Paperlogy-500.woff2
  1.25MB ->  0.42MB  webfont\Paperlogy\Paperlogy-600.woff2
  1.25MB ->  0.42MB  webfont\Paperlogy\Paperlogy-700.woff2
  1.24MB ->  0.41MB  webfont\Paperlogy\Paperlogy-800.woff2
  1.24MB ->  0.42MB  webfont\Paperlogy\Paperlogy-900.woff2
  0.70MB ->  0.21MB  webfont\SCDream\SCDream-100.woff2
  0.70MB ->  0.22MB  webfont\SCDream\SCDream-200.woff2
  0.70MB ->  0.23MB  webfont\SCDream\SCDream-300.woff2
  0.70MB ->  0.22MB  webfont\SCDream\SCDream-400.woff2
  0.70MB ->  0.23MB  webfont\SCDream\SCDream-500.woff2
  0.71MB ->  0.22MB  webfont\SCDream\SCDream-600.woff2
  0.71MB ->  0.23MB  webfont\SCDream\SCDream-700.woff2
  0.71MB ->  0.23MB  webfont\SCDream\SCDream-800.woff2
  0.71MB ->  0.22MB  webfont\SCDream\SCDream-900.woff2
  1.61MB ->  0.35MB  webfont\VitroCore\VitroCore-400.woff2
  0.53MB ->  0.15MB  webfont\VitroInspire\VitroInspire-400.woff2
  1.55MB ->  0.31MB  webfont\VitroPride\VitroPride-400.woff2

합계 75.6MB -> 21.1MB (72% 절감)
